
Segment List
------------

c:\program files (x86)\stmicroelectronics\st_toolset\stvd\watch\power.asm[2]    9-   12         0 -        1                 'ram0'  [void]
c:\program files (x86)\stmicroelectronics\st_toolset\stvd\watch\beeper.asm[3]  175-  184         2 -        B                 'ram0'  [void]
c:\program files (x86)\stmicroelectronics\st_toolset\stvd\watch\functions.asm[2]    8-   13         C -       12                 'ram0'  [void]
c:\program files (x86)\stmicroelectronics\st_toolset\stvd\watch\display.asm[2]   29-   36        13 -       1B                 'ram0'  [void]
c:\program files (x86)\stmicroelectronics\st_toolset\stvd\watch\main.asm[2]   40-   49        1C -       23                 'ram0'  [void]
c:\program files (x86)\stmicroelectronics\st_toolset\stvd\watch\procedures.asm[2]   58-   65        24 -       2A                 'ram0'  [void]
c:\program files (x86)\stmicroelectronics\st_toolset\stvd\watch\power.asm[1]    5-    8      1000 -     101B                 'eeprom'  [data]
c:\program files (x86)\stmicroelectronics\st_toolset\stvd\watch\beeper.asm[2]  156-  174      101C -     106D                 'eeprom'  [data]
c:\program files (x86)\stmicroelectronics\st_toolset\stvd\watch\functions.asm[1]    4-    7      106E -     1095                 'eeprom'  [data]
c:\program files (x86)\stmicroelectronics\st_toolset\stvd\watch\display.asm[1]   25-   28      1096 -     10A5                 'eeprom'  [data]
c:\program files (x86)\stmicroelectronics\st_toolset\stvd\watch\power.asm[3]   13-   55      8080 -     80BD                 'rom'  [text]
c:\program files (x86)\stmicroelectronics\st_toolset\stvd\watch\alarm.asm[1]   15-   48      80BE -     80FE                 'rom'  [text]
c:\program files (x86)\stmicroelectronics\st_toolset\stvd\watch\beeper.asm[1]   15-  155      80FF -     83A6                 'rom'  [data]
c:\program files (x86)\stmicroelectronics\st_toolset\stvd\watch\beeper.asm[4]  185-  369      83A7 -     8527                 'rom'  [text]
c:\program files (x86)\stmicroelectronics\st_toolset\stvd\watch\isr.asm[1]   44-  320      8528 -     8751                 'rom'  [text]
c:\program files (x86)\stmicroelectronics\st_toolset\stvd\watch\functions.asm[3]   14-  105      8752 -     87EA                 'rom'  [text]
c:\program files (x86)\stmicroelectronics\st_toolset\stvd\watch\display.asm[3]   37-  370      87EB -     8A82                 'rom'  [text]
c:\program files (x86)\stmicroelectronics\st_toolset\stvd\watch\init.asm[2]   79-  215      8A83 -     8BD6                 'rom'  [text]
c:\program files (x86)\stmicroelectronics\st_toolset\stvd\watch\irq.asm[1]   13-   24      8BD7 -     8BE0                 'rom'  [text]
c:\program files (x86)\stmicroelectronics\st_toolset\stvd\watch\main.asm[3]   50-  273      8BE1 -     8DA9                 'rom'  [text]
c:\program files (x86)\stmicroelectronics\st_toolset\stvd\watch\procedures.asm[3]   66- 1219      8DAA -     9711                 'rom'  [text]
c:\program files (x86)\stmicroelectronics\st_toolset\stvd\watch\irq.asm[2]   25-   58      8000 -     807F                 'vectit'  [data]
c:\program files (x86)\stmicroelectronics\st_toolset\stvd\watch\stm8l051f3.asm[2]   16-  416      5000 -     7F77                 'periph2'  [void]


Class List
----------

0 '        ram0'   byte from        0 to       2A (lim       FF) = 16% D
0 '        ram1'   byte from      100 to       FF (lim      1FF) =  0% V
0 '       stack'   byte from      200 to      1FF (lim      3FF) =  0% V
0 '      eeprom'   byte from     1000 to     10A5 (lim     10FF) = 64% S
0 '         rom'   byte from     8080 to     9711 (lim     9FFF) = 71% CS
0 '      vectit'   byte from     8000 to     807F (lim     807F) =100% S
0 '      periph'   byte from        0 to FFFFFFFF (lim       7F) =  0% V
0 '     periph2'   byte from     5000 to     7F77 (lim FFFFFFFF) =  0% D



External Label list
-------------------

Symbol Name                       Value     Scope  Def(line)

ADC1_CR1                              5340  WORD  c:\program files (x86)\stmicroelectronics\st_toolset\stvd\watch\stm8l051f3.asm(353)
ADC1_CR2                              5341  WORD  c:\program files (x86)\stmicroelectronics\st_toolset\stvd\watch\stm8l051f3.asm(354)
ADC1_CR3                              5342  WORD  c:\program files (x86)\stmicroelectronics\st_toolset\stvd\watch\stm8l051f3.asm(355)
ADC1_SR                               5343  WORD  c:\program files (x86)\stmicroelectronics\st_toolset\stvd\watch\stm8l051f3.asm(356)
ADC1_DRH                              5344  WORD  c:\program files (x86)\stmicroelectronics\st_toolset\stvd\watch\stm8l051f3.asm(357)
ADC1_DRL                              5345  WORD  c:\program files (x86)\stmicroelectronics\st_toolset\stvd\watch\stm8l051f3.asm(358)
ADC1_HTRH                             5346  WORD  c:\program files (x86)\stmicroelectronics\st_toolset\stvd\watch\stm8l051f3.asm(359)
ADC1_HTRL                             5347  WORD  c:\program files (x86)\stmicroelectronics\st_toolset\stvd\watch\stm8l051f3.asm(360)
ADC1_LTRH                             5348  WORD  c:\program files (x86)\stmicroelectronics\st_toolset\stvd\watch\stm8l051f3.asm(361)
ADC1_LTRL                             5349  WORD  c:\program files (x86)\stmicroelectronics\st_toolset\stvd\watch\stm8l051f3.asm(362)
ADC1_SQR1                             534A  WORD  c:\program files (x86)\stmicroelectronics\st_toolset\stvd\watch\stm8l051f3.asm(363)
ADC1_SQR2                             534B  WORD  c:\program files (x86)\stmicroelectronics\st_toolset\stvd\watch\stm8l051f3.asm(364)
ADC1_SQR3                             534C  WORD  c:\program files (x86)\stmicroelectronics\st_toolset\stvd\watch\stm8l051f3.asm(365)
ADC1_SQR4                             534D  WORD  c:\program files (x86)\stmicroelectronics\st_toolset\stvd\watch\stm8l051f3.asm(366)
ADC1_TRIGR1                           534E  WORD  c:\program files (x86)\stmicroelectronics\st_toolset\stvd\watch\stm8l051f3.asm(367)
ADC1_TRIGR2                           534F  WORD  c:\program files (x86)\stmicroelectronics\st_toolset\stvd\watch\stm8l051f3.asm(368)
ADC1_TRIGR3                           5350  WORD  c:\program files (x86)\stmicroelectronics\st_toolset\stvd\watch\stm8l051f3.asm(369)
ADC1_TRIGR4                           5351  WORD  c:\program files (x86)\stmicroelectronics\st_toolset\stvd\watch\stm8l051f3.asm(370)

BEEP_CSR1                             50F0  WORD  c:\program files (x86)\stmicroelectronics\st_toolset\stvd\watch\stm8l051f3.asm(178)
BEEP_CSR2                             50F3  WORD  c:\program files (x86)\stmicroelectronics\st_toolset\stvd\watch\stm8l051f3.asm(180)

CLK_PCKENR1                           50C3  WORD  c:\program files (x86)\stmicroelectronics\st_toolset\stvd\watch\stm8l051f3.asm(147)
CFG_GCR                               7F60  WORD  c:\program files (x86)\stmicroelectronics\st_toolset\stvd\watch\stm8l051f3.asm(403)
CLK_CRTCR                             50C1  WORD  c:\program files (x86)\stmicroelectronics\st_toolset\stvd\watch\stm8l051f3.asm(145)
CLK_PCKENR2                           50C4  WORD  c:\program files (x86)\stmicroelectronics\st_toolset\stvd\watch\stm8l051f3.asm(148)
CLK_CKDIVR                            50C0  WORD  c:\program files (x86)\stmicroelectronics\st_toolset\stvd\watch\stm8l051f3.asm(144)
CLK_ICKCR                             50C2  WORD  c:\program files (x86)\stmicroelectronics\st_toolset\stvd\watch\stm8l051f3.asm(146)
CLK_CCOR                              50C5  WORD  c:\program files (x86)\stmicroelectronics\st_toolset\stvd\watch\stm8l051f3.asm(149)
CLK_ECKCR                             50C6  WORD  c:\program files (x86)\stmicroelectronics\st_toolset\stvd\watch\stm8l051f3.asm(150)
CLK_SCSR                              50C7  WORD  c:\program files (x86)\stmicroelectronics\st_toolset\stvd\watch\stm8l051f3.asm(151)
CLK_SWR                               50C8  WORD  c:\program files (x86)\stmicroelectronics\st_toolset\stvd\watch\stm8l051f3.asm(152)
CLK_SWCR                              50C9  WORD  c:\program files (x86)\stmicroelectronics\st_toolset\stvd\watch\stm8l051f3.asm(153)
CLK_CSSR                              50CA  WORD  c:\program files (x86)\stmicroelectronics\st_toolset\stvd\watch\stm8l051f3.asm(154)
CLK_CBEEPR                            50CB  WORD  c:\program files (x86)\stmicroelectronics\st_toolset\stvd\watch\stm8l051f3.asm(155)
CLK_HSICALR                           50CC  WORD  c:\program files (x86)\stmicroelectronics\st_toolset\stvd\watch\stm8l051f3.asm(156)
CLK_HSITRIMR                          50CD  WORD  c:\program files (x86)\stmicroelectronics\st_toolset\stvd\watch\stm8l051f3.asm(157)
CLK_HSIUNLCKR                         50CE  WORD  c:\program files (x86)\stmicroelectronics\st_toolset\stvd\watch\stm8l051f3.asm(158)
CLK_REGCSR                            50CF  WORD  c:\program files (x86)\stmicroelectronics\st_toolset\stvd\watch\stm8l051f3.asm(159)
CLK_PCKENR3                           50D0  WORD  c:\program files (x86)\stmicroelectronics\st_toolset\stvd\watch\stm8l051f3.asm(160)
CSS_LSE_CSR                           5190  WORD  c:\program files (x86)\stmicroelectronics\st_toolset\stvd\watch\stm8l051f3.asm(229)

DMA1_GCSR                             5070  WORD  c:\program files (x86)\stmicroelectronics\st_toolset\stvd\watch\stm8l051f3.asm(63)
DMA1_GIR1                             5071  WORD  c:\program files (x86)\stmicroelectronics\st_toolset\stvd\watch\stm8l051f3.asm(64)
DMA1_C0CR                             5075  WORD  c:\program files (x86)\stmicroelectronics\st_toolset\stvd\watch\stm8l051f3.asm(66)
DMA1_C0SPR                            5076  WORD  c:\program files (x86)\stmicroelectronics\st_toolset\stvd\watch\stm8l051f3.asm(67)
DMA1_C0NDTR                           5077  WORD  c:\program files (x86)\stmicroelectronics\st_toolset\stvd\watch\stm8l051f3.asm(68)
DMA1_C0PARH                           5078  WORD  c:\program files (x86)\stmicroelectronics\st_toolset\stvd\watch\stm8l051f3.asm(69)
DMA1_C0PARL                           5079  WORD  c:\program files (x86)\stmicroelectronics\st_toolset\stvd\watch\stm8l051f3.asm(70)
DMA1_C0M0ARH                          507B  WORD  c:\program files (x86)\stmicroelectronics\st_toolset\stvd\watch\stm8l051f3.asm(72)
DMA1_C0M0ARL                          507C  WORD  c:\program files (x86)\stmicroelectronics\st_toolset\stvd\watch\stm8l051f3.asm(73)
DMA1_C1CR                             507F  WORD  c:\program files (x86)\stmicroelectronics\st_toolset\stvd\watch\stm8l051f3.asm(75)
DMA1_C1SPR                            5080  WORD  c:\program files (x86)\stmicroelectronics\st_toolset\stvd\watch\stm8l051f3.asm(76)
DMA1_C1NDTR                           5081  WORD  c:\program files (x86)\stmicroelectronics\st_toolset\stvd\watch\stm8l051f3.asm(77)
DMA1_C1PARH                           5082  WORD  c:\program files (x86)\stmicroelectronics\st_toolset\stvd\watch\stm8l051f3.asm(78)
DMA1_C1PARL                           5083  WORD  c:\program files (x86)\stmicroelectronics\st_toolset\stvd\watch\stm8l051f3.asm(79)
DMA1_C1M0ARH                          5085  WORD  c:\program files (x86)\stmicroelectronics\st_toolset\stvd\watch\stm8l051f3.asm(81)
DMA1_C1M0ARL                          5086  WORD  c:\program files (x86)\stmicroelectronics\st_toolset\stvd\watch\stm8l051f3.asm(82)
DMA1_C2CR                             5089  WORD  c:\program files (x86)\stmicroelectronics\st_toolset\stvd\watch\stm8l051f3.asm(84)
DMA1_C2SPR                            508A  WORD  c:\program files (x86)\stmicroelectronics\st_toolset\stvd\watch\stm8l051f3.asm(85)
DMA1_C2NDTR                           508B  WORD  c:\program files (x86)\stmicroelectronics\st_toolset\stvd\watch\stm8l051f3.asm(86)
DMA1_C2PARH                           508C  WORD  c:\program files (x86)\stmicroelectronics\st_toolset\stvd\watch\stm8l051f3.asm(87)
DMA1_C2PARL                           508D  WORD  c:\program files (x86)\stmicroelectronics\st_toolset\stvd\watch\stm8l051f3.asm(88)
DMA1_C2M0ARH                          508F  WORD  c:\program files (x86)\stmicroelectronics\st_toolset\stvd\watch\stm8l051f3.asm(90)
DMA1_C2M0ARL                          5090  WORD  c:\program files (x86)\stmicroelectronics\st_toolset\stvd\watch\stm8l051f3.asm(91)
DMA1_C3CR                             5093  WORD  c:\program files (x86)\stmicroelectronics\st_toolset\stvd\watch\stm8l051f3.asm(93)
DMA1_C3SPR                            5094  WORD  c:\program files (x86)\stmicroelectronics\st_toolset\stvd\watch\stm8l051f3.asm(94)
DMA1_C3NDTR                           5095  WORD  c:\program files (x86)\stmicroelectronics\st_toolset\stvd\watch\stm8l051f3.asm(95)
DMA1_C3PARH_C3M1ARH                   5096  WORD  c:\program files (x86)\stmicroelectronics\st_toolset\stvd\watch\stm8l051f3.asm(96)
DMA1_C3PARL_C3M1ARL                   5097  WORD  c:\program files (x86)\stmicroelectronics\st_toolset\stvd\watch\stm8l051f3.asm(97)
DMA_C3M0EAR                           5098  WORD  c:\program files (x86)\stmicroelectronics\st_toolset\stvd\watch\stm8l051f3.asm(98)
DMA1_C3M0ARH                          5099  WORD  c:\program files (x86)\stmicroelectronics\st_toolset\stvd\watch\stm8l051f3.asm(99)
DMA1_C3M0ARL                          509A  WORD  c:\program files (x86)\stmicroelectronics\st_toolset\stvd\watch\stm8l051f3.asm(100)

EXTI_SR1                              50A3  WORD  c:\program files (x86)\stmicroelectronics\st_toolset\stvd\watch\stm8l051f3.asm(114)
EXTI_CR1                              50A0  WORD  c:\program files (x86)\stmicroelectronics\st_toolset\stvd\watch\stm8l051f3.asm(111)
EXTI_CR2                              50A1  WORD  c:\program files (x86)\stmicroelectronics\st_toolset\stvd\watch\stm8l051f3.asm(112)
EXTI_CR3                              50A2  WORD  c:\program files (x86)\stmicroelectronics\st_toolset\stvd\watch\stm8l051f3.asm(113)
EXTI_SR2                              50A4  WORD  c:\program files (x86)\stmicroelectronics\st_toolset\stvd\watch\stm8l051f3.asm(115)
EXTI_CONF1                            50A5  WORD  c:\program files (x86)\stmicroelectronics\st_toolset\stvd\watch\stm8l051f3.asm(116)
EXTI_CR4                              50AA  WORD  c:\program files (x86)\stmicroelectronics\st_toolset\stvd\watch\stm8l051f3.asm(127)
EXTI_CONF2                            50AB  WORD  c:\program files (x86)\stmicroelectronics\st_toolset\stvd\watch\stm8l051f3.asm(128)

FLASH_DUKR                            5053  WORD  c:\program files (x86)\stmicroelectronics\st_toolset\stvd\watch\stm8l051f3.asm(57)
FLASH_IAPSR                           5054  WORD  c:\program files (x86)\stmicroelectronics\st_toolset\stvd\watch\stm8l051f3.asm(58)
FLASH_CR1                             5050  WORD  c:\program files (x86)\stmicroelectronics\st_toolset\stvd\watch\stm8l051f3.asm(54)
FLASH_CR2                             5051  WORD  c:\program files (x86)\stmicroelectronics\st_toolset\stvd\watch\stm8l051f3.asm(55)
FLASH_PUKR                            5052  WORD  c:\program files (x86)\stmicroelectronics\st_toolset\stvd\watch\stm8l051f3.asm(56)

IWDG_KR                               50E0  WORD  c:\program files (x86)\stmicroelectronics\st_toolset\stvd\watch\stm8l051f3.asm(171)
IWDG_PR                               50E1  WORD  c:\program files (x86)\stmicroelectronics\st_toolset\stvd\watch\stm8l051f3.asm(172)
IWDG_RLR                              50E2  WORD  c:\program files (x86)\stmicroelectronics\st_toolset\stvd\watch\stm8l051f3.asm(173)
I2C1_CR1                              5210  WORD  c:\program files (x86)\stmicroelectronics\st_toolset\stvd\watch\stm8l051f3.asm(246)
I2C1_CR2                              5211  WORD  c:\program files (x86)\stmicroelectronics\st_toolset\stvd\watch\stm8l051f3.asm(247)
I2C1_FREQR                            5212  WORD  c:\program files (x86)\stmicroelectronics\st_toolset\stvd\watch\stm8l051f3.asm(248)
I2C1_OARL                             5213  WORD  c:\program files (x86)\stmicroelectronics\st_toolset\stvd\watch\stm8l051f3.asm(249)
I2C1_OARH                             5214  WORD  c:\program files (x86)\stmicroelectronics\st_toolset\stvd\watch\stm8l051f3.asm(250)
I2C1_OAR2                             5215  WORD  c:\program files (x86)\stmicroelectronics\st_toolset\stvd\watch\stm8l051f3.asm(251)
I2C1_DR                               5216  WORD  c:\program files (x86)\stmicroelectronics\st_toolset\stvd\watch\stm8l051f3.asm(252)
I2C1_SR1                              5217  WORD  c:\program files (x86)\stmicroelectronics\st_toolset\stvd\watch\stm8l051f3.asm(253)
I2C1_SR2                              5218  WORD  c:\program files (x86)\stmicroelectronics\st_toolset\stvd\watch\stm8l051f3.asm(254)
I2C1_SR3                              5219  WORD  c:\program files (x86)\stmicroelectronics\st_toolset\stvd\watch\stm8l051f3.asm(255)
I2C1_ITR                              521A  WORD  c:\program files (x86)\stmicroelectronics\st_toolset\stvd\watch\stm8l051f3.asm(256)
I2C1_CCRL                             521B  WORD  c:\program files (x86)\stmicroelectronics\st_toolset\stvd\watch\stm8l051f3.asm(257)
I2C1_CCRH                             521C  WORD  c:\program files (x86)\stmicroelectronics\st_toolset\stvd\watch\stm8l051f3.asm(258)
I2C1_TRISER                           521D  WORD  c:\program files (x86)\stmicroelectronics\st_toolset\stvd\watch\stm8l051f3.asm(259)
I2C1_PECR                             521E  WORD  c:\program files (x86)\stmicroelectronics\st_toolset\stvd\watch\stm8l051f3.asm(260)
IR_CR                                 52FF  WORD  c:\program files (x86)\stmicroelectronics\st_toolset\stvd\watch\stm8l051f3.asm(348)
ITC_SPR1                              7F70  WORD  c:\program files (x86)\stmicroelectronics\st_toolset\stvd\watch\stm8l051f3.asm(408)
ITC_SPR2                              7F71  WORD  c:\program files (x86)\stmicroelectronics\st_toolset\stvd\watch\stm8l051f3.asm(409)
ITC_SPR3                              7F72  WORD  c:\program files (x86)\stmicroelectronics\st_toolset\stvd\watch\stm8l051f3.asm(410)
ITC_SPR4                              7F73  WORD  c:\program files (x86)\stmicroelectronics\st_toolset\stvd\watch\stm8l051f3.asm(411)
ITC_SPR5                              7F74  WORD  c:\program files (x86)\stmicroelectronics\st_toolset\stvd\watch\stm8l051f3.asm(412)
ITC_SPR6                              7F75  WORD  c:\program files (x86)\stmicroelectronics\st_toolset\stvd\watch\stm8l051f3.asm(413)
ITC_SPR7                              7F76  WORD  c:\program files (x86)\stmicroelectronics\st_toolset\stvd\watch\stm8l051f3.asm(414)
ITC_SPR8                              7F77  WORD  c:\program files (x86)\stmicroelectronics\st_toolset\stvd\watch\stm8l051f3.asm(415)

PWR_CSR1                              50B2  WORD  c:\program files (x86)\stmicroelectronics\st_toolset\stvd\watch\stm8l051f3.asm(138)
PVD_handler                       00008080  LONG  c:\program files (x86)\stmicroelectronics\st_toolset\stvd\watch\power.asm(23)
PD_ODR                                500F  WORD  c:\program files (x86)\stmicroelectronics\st_toolset\stvd\watch\stm8l051f3.asm(45)
PB_CR2                                5009  WORD  c:\program files (x86)\stmicroelectronics\st_toolset\stvd\watch\stm8l051f3.asm(33)
PC_CR2                                500E  WORD  c:\program files (x86)\stmicroelectronics\st_toolset\stvd\watch\stm8l051f3.asm(41)
PA_ODR                                5000  WORD  c:\program files (x86)\stmicroelectronics\st_toolset\stvd\watch\stm8l051f3.asm(21)
PB_ODR                                5005  WORD  c:\program files (x86)\stmicroelectronics\st_toolset\stvd\watch\stm8l051f3.asm(29)
PA_DDR                                5002  WORD  c:\program files (x86)\stmicroelectronics\st_toolset\stvd\watch\stm8l051f3.asm(23)
PA_CR1                                5003  WORD  c:\program files (x86)\stmicroelectronics\st_toolset\stvd\watch\stm8l051f3.asm(24)
PB_DDR                                5007  WORD  c:\program files (x86)\stmicroelectronics\st_toolset\stvd\watch\stm8l051f3.asm(31)
PB_CR1                                5008  WORD  c:\program files (x86)\stmicroelectronics\st_toolset\stvd\watch\stm8l051f3.asm(32)
PC_DDR                                500C  WORD  c:\program files (x86)\stmicroelectronics\st_toolset\stvd\watch\stm8l051f3.asm(39)
PC_CR1                                500D  WORD  c:\program files (x86)\stmicroelectronics\st_toolset\stvd\watch\stm8l051f3.asm(40)
PD_DDR                                5011  WORD  c:\program files (x86)\stmicroelectronics\st_toolset\stvd\watch\stm8l051f3.asm(47)
PD_CR1                                5012  WORD  c:\program files (x86)\stmicroelectronics\st_toolset\stvd\watch\stm8l051f3.asm(48)
PWR_CSR2                              50B3  WORD  c:\program files (x86)\stmicroelectronics\st_toolset\stvd\watch\stm8l051f3.asm(139)
PA_IDR                                5001  WORD  c:\program files (x86)\stmicroelectronics\st_toolset\stvd\watch\stm8l051f3.asm(22)
PA_CR2                                5004  WORD  c:\program files (x86)\stmicroelectronics\st_toolset\stvd\watch\stm8l051f3.asm(25)
PB_IDR                                5006  WORD  c:\program files (x86)\stmicroelectronics\st_toolset\stvd\watch\stm8l051f3.asm(30)
PC_ODR                                500A  WORD  c:\program files (x86)\stmicroelectronics\st_toolset\stvd\watch\stm8l051f3.asm(37)
PC_IDR                                500B  WORD  c:\program files (x86)\stmicroelectronics\st_toolset\stvd\watch\stm8l051f3.asm(38)
PD_IDR                                5010  WORD  c:\program files (x86)\stmicroelectronics\st_toolset\stvd\watch\stm8l051f3.asm(46)
PD_CR2                                5013  WORD  c:\program files (x86)\stmicroelectronics\st_toolset\stvd\watch\stm8l051f3.asm(49)

RTC_ALRMAR2                           515D  WORD  c:\program files (x86)\stmicroelectronics\st_toolset\stvd\watch\stm8l051f3.asm(213)
RTC_CR1                               5148  WORD  c:\program files (x86)\stmicroelectronics\st_toolset\stvd\watch\stm8l051f3.asm(193)
RTC_CR2                               5149  WORD  c:\program files (x86)\stmicroelectronics\st_toolset\stvd\watch\stm8l051f3.asm(194)
RTC_ISR1                              514C  WORD  c:\program files (x86)\stmicroelectronics\st_toolset\stvd\watch\stm8l051f3.asm(197)
RTC_ISR2                              514D  WORD  c:\program files (x86)\stmicroelectronics\st_toolset\stvd\watch\stm8l051f3.asm(198)
RTC_WUTRH                             5154  WORD  c:\program files (x86)\stmicroelectronics\st_toolset\stvd\watch\stm8l051f3.asm(204)
RTC_handler                       000083B4  LONG  c:\program files (x86)\stmicroelectronics\st_toolset\stvd\watch\beeper.asm(195)
RTC_ALRMAR3                           515E  WORD  c:\program files (x86)\stmicroelectronics\st_toolset\stvd\watch\stm8l051f3.asm(214)
RTC_CALRH                             516A  WORD  c:\program files (x86)\stmicroelectronics\st_toolset\stvd\watch\stm8l051f3.asm(221)
RTC_TR2                               5141  WORD  c:\program files (x86)\stmicroelectronics\st_toolset\stvd\watch\stm8l051f3.asm(186)
RTC_TR3                               5142  WORD  c:\program files (x86)\stmicroelectronics\st_toolset\stvd\watch\stm8l051f3.asm(187)
RTC_DR1                               5144  WORD  c:\program files (x86)\stmicroelectronics\st_toolset\stvd\watch\stm8l051f3.asm(189)
RTC_DR2                               5145  WORD  c:\program files (x86)\stmicroelectronics\st_toolset\stvd\watch\stm8l051f3.asm(190)
RTC_DR3                               5146  WORD  c:\program files (x86)\stmicroelectronics\st_toolset\stvd\watch\stm8l051f3.asm(191)
RTC_WPR                               5159  WORD  c:\program files (x86)\stmicroelectronics\st_toolset\stvd\watch\stm8l051f3.asm(209)
RTC_ALRMAR4                           515F  WORD  c:\program files (x86)\stmicroelectronics\st_toolset\stvd\watch\stm8l051f3.asm(215)
RTC_TR1                               5140  WORD  c:\program files (x86)\stmicroelectronics\st_toolset\stvd\watch\stm8l051f3.asm(185)
RTC_CALRL                             516B  WORD  c:\program files (x86)\stmicroelectronics\st_toolset\stvd\watch\stm8l051f3.asm(222)
RST_CR                                50B0  WORD  c:\program files (x86)\stmicroelectronics\st_toolset\stvd\watch\stm8l051f3.asm(133)
RST_SR                                50B1  WORD  c:\program files (x86)\stmicroelectronics\st_toolset\stvd\watch\stm8l051f3.asm(134)
RTC_CR3                               514A  WORD  c:\program files (x86)\stmicroelectronics\st_toolset\stvd\watch\stm8l051f3.asm(195)
RTC_SPRERH                            5150  WORD  c:\program files (x86)\stmicroelectronics\st_toolset\stvd\watch\stm8l051f3.asm(200)
RTC_SPRERL                            5151  WORD  c:\program files (x86)\stmicroelectronics\st_toolset\stvd\watch\stm8l051f3.asm(201)
RTC_APRER                             5152  WORD  c:\program files (x86)\stmicroelectronics\st_toolset\stvd\watch\stm8l051f3.asm(202)
RTC_WUTRL                             5155  WORD  c:\program files (x86)\stmicroelectronics\st_toolset\stvd\watch\stm8l051f3.asm(205)
RTC_SSRH                              5157  WORD  c:\program files (x86)\stmicroelectronics\st_toolset\stvd\watch\stm8l051f3.asm(207)
RTC_SSRL                              5158  WORD  c:\program files (x86)\stmicroelectronics\st_toolset\stvd\watch\stm8l051f3.asm(208)
RTC_SHIFTRH                           515A  WORD  c:\program files (x86)\stmicroelectronics\st_toolset\stvd\watch\stm8l051f3.asm(210)
RTC_SHIFTRL                           515B  WORD  c:\program files (x86)\stmicroelectronics\st_toolset\stvd\watch\stm8l051f3.asm(211)
RTC_ALRMAR1                           515C  WORD  c:\program files (x86)\stmicroelectronics\st_toolset\stvd\watch\stm8l051f3.asm(212)
RTC_ALRMASSRH                         5164  WORD  c:\program files (x86)\stmicroelectronics\st_toolset\stvd\watch\stm8l051f3.asm(217)
RTC_ALRMASSRL                         5165  WORD  c:\program files (x86)\stmicroelectronics\st_toolset\stvd\watch\stm8l051f3.asm(218)
RTC_ALRMASSMSKR                       5166  WORD  c:\program files (x86)\stmicroelectronics\st_toolset\stvd\watch\stm8l051f3.asm(219)
RTC_TCR1                              516C  WORD  c:\program files (x86)\stmicroelectronics\st_toolset\stvd\watch\stm8l051f3.asm(223)
RTC_TCR2                              516D  WORD  c:\program files (x86)\stmicroelectronics\st_toolset\stvd\watch\stm8l051f3.asm(224)
RI_ICR1                               5431  WORD  c:\program files (x86)\stmicroelectronics\st_toolset\stvd\watch\stm8l051f3.asm(375)
RI_ICR2                               5432  WORD  c:\program files (x86)\stmicroelectronics\st_toolset\stvd\watch\stm8l051f3.asm(376)
RI_IOIR1                              5433  WORD  c:\program files (x86)\stmicroelectronics\st_toolset\stvd\watch\stm8l051f3.asm(377)
RI_IOIR2                              5434  WORD  c:\program files (x86)\stmicroelectronics\st_toolset\stvd\watch\stm8l051f3.asm(378)
RI_IOIR3                              5435  WORD  c:\program files (x86)\stmicroelectronics\st_toolset\stvd\watch\stm8l051f3.asm(379)
RI_IOCMR1                             5436  WORD  c:\program files (x86)\stmicroelectronics\st_toolset\stvd\watch\stm8l051f3.asm(380)
RI_IOCMR2                             5437  WORD  c:\program files (x86)\stmicroelectronics\st_toolset\stvd\watch\stm8l051f3.asm(381)
RI_IOCMR3                             5438  WORD  c:\program files (x86)\stmicroelectronics\st_toolset\stvd\watch\stm8l051f3.asm(382)
RI_IOSR1                              5439  WORD  c:\program files (x86)\stmicroelectronics\st_toolset\stvd\watch\stm8l051f3.asm(383)
RI_IOSR2                              543A  WORD  c:\program files (x86)\stmicroelectronics\st_toolset\stvd\watch\stm8l051f3.asm(384)
RI_IOSR3                              543B  WORD  c:\program files (x86)\stmicroelectronics\st_toolset\stvd\watch\stm8l051f3.asm(385)
RI_IOGCR                              543C  WORD  c:\program files (x86)\stmicroelectronics\st_toolset\stvd\watch\stm8l051f3.asm(386)
RI_ASCR1                              543D  WORD  c:\program files (x86)\stmicroelectronics\st_toolset\stvd\watch\stm8l051f3.asm(387)
RI_ASCR2                              543E  WORD  c:\program files (x86)\stmicroelectronics\st_toolset\stvd\watch\stm8l051f3.asm(388)
RI_RCR                                543F  WORD  c:\program files (x86)\stmicroelectronics\st_toolset\stvd\watch\stm8l051f3.asm(389)
RI_CR                                 5450  WORD  c:\program files (x86)\stmicroelectronics\st_toolset\stvd\watch\stm8l051f3.asm(391)
RI_MASKR1                             5451  WORD  c:\program files (x86)\stmicroelectronics\st_toolset\stvd\watch\stm8l051f3.asm(392)
RI_MASKR2                             5452  WORD  c:\program files (x86)\stmicroelectronics\st_toolset\stvd\watch\stm8l051f3.asm(393)
RI_MASKR3                             5453  WORD  c:\program files (x86)\stmicroelectronics\st_toolset\stvd\watch\stm8l051f3.asm(394)
RI_MASKR4                             5454  WORD  c:\program files (x86)\stmicroelectronics\st_toolset\stvd\watch\stm8l051f3.asm(395)
RI_IOIR4                              5455  WORD  c:\program files (x86)\stmicroelectronics\st_toolset\stvd\watch\stm8l051f3.asm(396)
RI_IOCMR4                             5456  WORD  c:\program files (x86)\stmicroelectronics\st_toolset\stvd\watch\stm8l051f3.asm(397)
RI_IOSR4                              5457  WORD  c:\program files (x86)\stmicroelectronics\st_toolset\stvd\watch\stm8l051f3.asm(398)

SYSCFG_RMPCR2                         509F  WORD  c:\program files (x86)\stmicroelectronics\st_toolset\stvd\watch\stm8l051f3.asm(107)
SYSCFG_RMPCR3                         509D  WORD  c:\program files (x86)\stmicroelectronics\st_toolset\stvd\watch\stm8l051f3.asm(105)
SYSCFG_RMPCR1                         509E  WORD  c:\program files (x86)\stmicroelectronics\st_toolset\stvd\watch\stm8l051f3.asm(106)
SPI1_CR1                              5200  WORD  c:\program files (x86)\stmicroelectronics\st_toolset\stvd\watch\stm8l051f3.asm(234)
SPI1_CR2                              5201  WORD  c:\program files (x86)\stmicroelectronics\st_toolset\stvd\watch\stm8l051f3.asm(235)
SPI1_ICR                              5202  WORD  c:\program files (x86)\stmicroelectronics\st_toolset\stvd\watch\stm8l051f3.asm(236)
SPI1_SR                               5203  WORD  c:\program files (x86)\stmicroelectronics\st_toolset\stvd\watch\stm8l051f3.asm(237)
SPI1_DR                               5204  WORD  c:\program files (x86)\stmicroelectronics\st_toolset\stvd\watch\stm8l051f3.asm(238)
SPI1_CRCPR                            5205  WORD  c:\program files (x86)\stmicroelectronics\st_toolset\stvd\watch\stm8l051f3.asm(239)
SPI1_RXCRCR                           5206  WORD  c:\program files (x86)\stmicroelectronics\st_toolset\stvd\watch\stm8l051f3.asm(240)
SPI1_TXCRCR                           5207  WORD  c:\program files (x86)\stmicroelectronics\st_toolset\stvd\watch\stm8l051f3.asm(241)

TIM4_CR1                              52E0  WORD  c:\program files (x86)\stmicroelectronics\st_toolset\stvd\watch\stm8l051f3.asm(334)
TIM4_SR1                              52E5  WORD  c:\program files (x86)\stmicroelectronics\st_toolset\stvd\watch\stm8l051f3.asm(339)
TIM4_ARR                              52E9  WORD  c:\program files (x86)\stmicroelectronics\st_toolset\stvd\watch\stm8l051f3.asm(343)
TIM2_SR1                              5256  WORD  c:\program files (x86)\stmicroelectronics\st_toolset\stvd\watch\stm8l051f3.asm(286)
TIM3_CR1                              5280  WORD  c:\program files (x86)\stmicroelectronics\st_toolset\stvd\watch\stm8l051f3.asm(307)
TIM3_SR1                              5286  WORD  c:\program files (x86)\stmicroelectronics\st_toolset\stvd\watch\stm8l051f3.asm(313)
TIM3_CNTRH                            528C  WORD  c:\program files (x86)\stmicroelectronics\st_toolset\stvd\watch\stm8l051f3.asm(319)
TIM3_CNTRL                            528D  WORD  c:\program files (x86)\stmicroelectronics\st_toolset\stvd\watch\stm8l051f3.asm(320)
TIM3_ARRH                             528F  WORD  c:\program files (x86)\stmicroelectronics\st_toolset\stvd\watch\stm8l051f3.asm(322)
TIM3_ARRL                             5290  WORD  c:\program files (x86)\stmicroelectronics\st_toolset\stvd\watch\stm8l051f3.asm(323)
TIM2_CR1                              5250  WORD  c:\program files (x86)\stmicroelectronics\st_toolset\stvd\watch\stm8l051f3.asm(280)
TIM2_ETR                              5253  WORD  c:\program files (x86)\stmicroelectronics\st_toolset\stvd\watch\stm8l051f3.asm(283)
TIM2_IER                              5255  WORD  c:\program files (x86)\stmicroelectronics\st_toolset\stvd\watch\stm8l051f3.asm(285)
TIM2_PSCR                             525E  WORD  c:\program files (x86)\stmicroelectronics\st_toolset\stvd\watch\stm8l051f3.asm(294)
TIM3_ETR                              5283  WORD  c:\program files (x86)\stmicroelectronics\st_toolset\stvd\watch\stm8l051f3.asm(310)
TIM3_PSCR                             528E  WORD  c:\program files (x86)\stmicroelectronics\st_toolset\stvd\watch\stm8l051f3.asm(321)
TIM4_IER                              52E4  WORD  c:\program files (x86)\stmicroelectronics\st_toolset\stvd\watch\stm8l051f3.asm(338)
TIM4_PSCR                             52E8  WORD  c:\program files (x86)\stmicroelectronics\st_toolset\stvd\watch\stm8l051f3.asm(342)
TIM2_CNTRH                            525C  WORD  c:\program files (x86)\stmicroelectronics\st_toolset\stvd\watch\stm8l051f3.asm(292)
TIM2_CNTRL                            525D  WORD  c:\program files (x86)\stmicroelectronics\st_toolset\stvd\watch\stm8l051f3.asm(293)
TIM2_ARRH                             525F  WORD  c:\program files (x86)\stmicroelectronics\st_toolset\stvd\watch\stm8l051f3.asm(295)
TIM2_ARRL                             5260  WORD  c:\program files (x86)\stmicroelectronics\st_toolset\stvd\watch\stm8l051f3.asm(296)
TIM2_CR2                              5251  WORD  c:\program files (x86)\stmicroelectronics\st_toolset\stvd\watch\stm8l051f3.asm(281)
TIM2_SMCR                             5252  WORD  c:\program files (x86)\stmicroelectronics\st_toolset\stvd\watch\stm8l051f3.asm(282)
TIM2_DER                              5254  WORD  c:\program files (x86)\stmicroelectronics\st_toolset\stvd\watch\stm8l051f3.asm(284)
TIM2_SR2                              5257  WORD  c:\program files (x86)\stmicroelectronics\st_toolset\stvd\watch\stm8l051f3.asm(287)
TIM2_EGR                              5258  WORD  c:\program files (x86)\stmicroelectronics\st_toolset\stvd\watch\stm8l051f3.asm(288)
TIM2_CCMR1                            5259  WORD  c:\program files (x86)\stmicroelectronics\st_toolset\stvd\watch\stm8l051f3.asm(289)
TIM2_CCMR2                            525A  WORD  c:\program files (x86)\stmicroelectronics\st_toolset\stvd\watch\stm8l051f3.asm(290)
TIM2_CCER1                            525B  WORD  c:\program files (x86)\stmicroelectronics\st_toolset\stvd\watch\stm8l051f3.asm(291)
TIM2_CCR1H                            5261  WORD  c:\program files (x86)\stmicroelectronics\st_toolset\stvd\watch\stm8l051f3.asm(297)
TIM2_CCR1L                            5262  WORD  c:\program files (x86)\stmicroelectronics\st_toolset\stvd\watch\stm8l051f3.asm(298)
TIM2_CCR2H                            5263  WORD  c:\program files (x86)\stmicroelectronics\st_toolset\stvd\watch\stm8l051f3.asm(299)
TIM2_CCR2L                            5264  WORD  c:\program files (x86)\stmicroelectronics\st_toolset\stvd\watch\stm8l051f3.asm(300)
TIM2_BKR                              5265  WORD  c:\program files (x86)\stmicroelectronics\st_toolset\stvd\watch\stm8l051f3.asm(301)
TIM2_OISR                             5266  WORD  c:\program files (x86)\stmicroelectronics\st_toolset\stvd\watch\stm8l051f3.asm(302)
TIM3_CR2                              5281  WORD  c:\program files (x86)\stmicroelectronics\st_toolset\stvd\watch\stm8l051f3.asm(308)
TIM3_SMCR                             5282  WORD  c:\program files (x86)\stmicroelectronics\st_toolset\stvd\watch\stm8l051f3.asm(309)
TIM3_DER                              5284  WORD  c:\program files (x86)\stmicroelectronics\st_toolset\stvd\watch\stm8l051f3.asm(311)
TIM3_IER                              5285  WORD  c:\program files (x86)\stmicroelectronics\st_toolset\stvd\watch\stm8l051f3.asm(312)
TIM3_SR2                              5287  WORD  c:\program files (x86)\stmicroelectronics\st_toolset\stvd\watch\stm8l051f3.asm(314)
TIM3_EGR                              5288  WORD  c:\program files (x86)\stmicroelectronics\st_toolset\stvd\watch\stm8l051f3.asm(315)
TIM3_CCMR1                            5289  WORD  c:\program files (x86)\stmicroelectronics\st_toolset\stvd\watch\stm8l051f3.asm(316)
TIM3_CCMR2                            528A  WORD  c:\program files (x86)\stmicroelectronics\st_toolset\stvd\watch\stm8l051f3.asm(317)
TIM3_CCER1                            528B  WORD  c:\program files (x86)\stmicroelectronics\st_toolset\stvd\watch\stm8l051f3.asm(318)
TIM3_CCR1H                            5291  WORD  c:\program files (x86)\stmicroelectronics\st_toolset\stvd\watch\stm8l051f3.asm(324)
TIM3_CCR1L                            5292  WORD  c:\program files (x86)\stmicroelectronics\st_toolset\stvd\watch\stm8l051f3.asm(325)
TIM3_CCR2H                            5293  WORD  c:\program files (x86)\stmicroelectronics\st_toolset\stvd\watch\stm8l051f3.asm(326)
TIM3_CCR2L                            5294  WORD  c:\program files (x86)\stmicroelectronics\st_toolset\stvd\watch\stm8l051f3.asm(327)
TIM3_BKR                              5295  WORD  c:\program files (x86)\stmicroelectronics\st_toolset\stvd\watch\stm8l051f3.asm(328)
TIM3_OISR                             5296  WORD  c:\program files (x86)\stmicroelectronics\st_toolset\stvd\watch\stm8l051f3.asm(329)
TIM4_CR2                              52E1  WORD  c:\program files (x86)\stmicroelectronics\st_toolset\stvd\watch\stm8l051f3.asm(335)
TIM4_SMCR                             52E2  WORD  c:\program files (x86)\stmicroelectronics\st_toolset\stvd\watch\stm8l051f3.asm(336)
TIM4_DER                              52E3  WORD  c:\program files (x86)\stmicroelectronics\st_toolset\stvd\watch\stm8l051f3.asm(337)
TIM4_EGR                              52E6  WORD  c:\program files (x86)\stmicroelectronics\st_toolset\stvd\watch\stm8l051f3.asm(340)
TIM4_CNTR                             52E7  WORD  c:\program files (x86)\stmicroelectronics\st_toolset\stvd\watch\stm8l051f3.asm(341)

USART1_SR                             5230  WORD  c:\program files (x86)\stmicroelectronics\st_toolset\stvd\watch\stm8l051f3.asm(265)
USART1_DR                             5231  WORD  c:\program files (x86)\stmicroelectronics\st_toolset\stvd\watch\stm8l051f3.asm(266)
USART1_BRR1                           5232  WORD  c:\program files (x86)\stmicroelectronics\st_toolset\stvd\watch\stm8l051f3.asm(267)
USART1_BRR2                           5233  WORD  c:\program files (x86)\stmicroelectronics\st_toolset\stvd\watch\stm8l051f3.asm(268)
USART1_CR1                            5234  WORD  c:\program files (x86)\stmicroelectronics\st_toolset\stvd\watch\stm8l051f3.asm(269)
USART1_CR2                            5235  WORD  c:\program files (x86)\stmicroelectronics\st_toolset\stvd\watch\stm8l051f3.asm(270)
USART1_CR3                            5236  WORD  c:\program files (x86)\stmicroelectronics\st_toolset\stvd\watch\stm8l051f3.asm(271)
USART1_CR4                            5237  WORD  c:\program files (x86)\stmicroelectronics\st_toolset\stvd\watch\stm8l051f3.asm(272)
USART1_CR5                            5238  WORD  c:\program files (x86)\stmicroelectronics\st_toolset\stvd\watch\stm8l051f3.asm(273)
USART1_GTR                            5239  WORD  c:\program files (x86)\stmicroelectronics\st_toolset\stvd\watch\stm8l051f3.asm(274)
USART1_PSCR                           523A  WORD  c:\program files (x86)\stmicroelectronics\st_toolset\stvd\watch\stm8l051f3.asm(275)

WUT_setup_play                        96FC  WORD  c:\program files (x86)\stmicroelectronics\st_toolset\stvd\watch\procedures.asm(1212)
WFE_CR1                               50A6  WORD  c:\program files (x86)\stmicroelectronics\st_toolset\stvd\watch\stm8l051f3.asm(120)
WFE_CR2                               50A7  WORD  c:\program files (x86)\stmicroelectronics\st_toolset\stvd\watch\stm8l051f3.asm(121)
WFE_CR3                               50A8  WORD  c:\program files (x86)\stmicroelectronics\st_toolset\stvd\watch\stm8l051f3.asm(122)
WFE_CR4                               50A9  WORD  c:\program files (x86)\stmicroelectronics\st_toolset\stvd\watch\stm8l051f3.asm(123)
WWDG_CR                               50D3  WORD  c:\program files (x86)\stmicroelectronics\st_toolset\stvd\watch\stm8l051f3.asm(165)
WWDG_WR                               50D4  WORD  c:\program files (x86)\stmicroelectronics\st_toolset\stvd\watch\stm8l051f3.asm(166)

alarmflag                             0003  WORD  c:\program files (x86)\stmicroelectronics\st_toolset\stvd\watch\beeper.asm(177)
alarmparse                            80BE  WORD  c:\program files (x86)\stmicroelectronics\st_toolset\stvd\watch\alarm.asm(18)

batteryparse                          8089  WORD  c:\program files (x86)\stmicroelectronics\st_toolset\stvd\watch\power.asm(28)
beeperflag                            0004  WORD  c:\program files (x86)\stmicroelectronics\st_toolset\stvd\watch\beeper.asm(178)
beeperparse                           83E5  WORD  c:\program files (x86)\stmicroelectronics\st_toolset\stvd\watch\beeper.asm(221)
byte1                                 000C  WORD  c:\program files (x86)\stmicroelectronics\st_toolset\stvd\watch\functions.asm(9)
byte2                                 000D  WORD  c:\program files (x86)\stmicroelectronics\st_toolset\stvd\watch\functions.asm(10)
bcd_dec                               8752  WORD  c:\program files (x86)\stmicroelectronics\st_toolset\stvd\watch\functions.asm(15)
bitshift_left                         8798  WORD  c:\program files (x86)\stmicroelectronics\st_toolset\stvd\watch\functions.asm(58)
bitshift_right                        87A3  WORD  c:\program files (x86)\stmicroelectronics\st_toolset\stvd\watch\functions.asm(64)

calibr                                001A  WORD  c:\program files (x86)\stmicroelectronics\st_toolset\stvd\watch\display.asm(35)
cls                                   8962  WORD  c:\program files (x86)\stmicroelectronics\st_toolset\stvd\watch\display.asm(232)
corr_daystab                          9662  WORD  c:\program files (x86)\stmicroelectronics\st_toolset\stvd\watch\procedures.asm(1145)

delay                                 8DAA  WORD  c:\program files (x86)\stmicroelectronics\st_toolset\stvd\watch\procedures.asm(67)
date                                  001F  WORD  c:\program files (x86)\stmicroelectronics\st_toolset\stvd\watch\main.asm(44)
dec_mm                                919B  WORD  c:\program files (x86)\stmicroelectronics\st_toolset\stvd\watch\procedures.asm(607)
dec_hh                                920E  WORD  c:\program files (x86)\stmicroelectronics\st_toolset\stvd\watch\procedures.asm(652)
dec_mt                                928A  WORD  c:\program files (x86)\stmicroelectronics\st_toolset\stvd\watch\procedures.asm(702)
dec_dd                                9312  WORD  c:\program files (x86)\stmicroelectronics\st_toolset\stvd\watch\procedures.asm(756)
dec_wd                                9394  WORD  c:\program files (x86)\stmicroelectronics\st_toolset\stvd\watch\procedures.asm(813)
dec_yyyy                              9404  WORD  c:\program files (x86)\stmicroelectronics\st_toolset\stvd\watch\procedures.asm(866)
dec_amm                               9474  WORD  c:\program files (x86)\stmicroelectronics\st_toolset\stvd\watch\procedures.asm(913)
dec_ahh                               94F0  WORD  c:\program files (x86)\stmicroelectronics\st_toolset\stvd\watch\procedures.asm(964)
dec_clbr                              95DC  WORD  c:\program files (x86)\stmicroelectronics\st_toolset\stvd\watch\procedures.asm(1077)
daystab                               108A  WORD  c:\program files (x86)\stmicroelectronics\st_toolset\stvd\watch\functions.asm(6)
dec_bcd                               876C  WORD  c:\program files (x86)\stmicroelectronics\st_toolset\stvd\watch\functions.asm(30)
dec_bcd_w                             8784  WORD  c:\program files (x86)\stmicroelectronics\st_toolset\stvd\watch\functions.asm(45)
dec_melody                            954C  WORD  c:\program files (x86)\stmicroelectronics\st_toolset\stvd\watch\procedures.asm(1003)

flash_first                           8815  WORD  c:\program files (x86)\stmicroelectronics\st_toolset\stvd\watch\display.asm(66)
flash_last                            8822  WORD  c:\program files (x86)\stmicroelectronics\st_toolset\stvd\watch\display.asm(74)
flash_wd                              884F  WORD  c:\program files (x86)\stmicroelectronics\st_toolset\stvd\watch\display.asm(97)
flash_yyyy                            887E  WORD  c:\program files (x86)\stmicroelectronics\st_toolset\stvd\watch\display.asm(122)
flash_clbr                            891E  WORD  c:\program files (x86)\stmicroelectronics\st_toolset\stvd\watch\display.asm(198)
flash_hrly                            893F  WORD  c:\program files (x86)\stmicroelectronics\st_toolset\stvd\watch\display.asm(216)

get_wd_string                         87C5  WORD  c:\program files (x86)\stmicroelectronics\st_toolset\stvd\watch\functions.asm(82)

hrlyflag                              000B  WORD  c:\program files (x86)\stmicroelectronics\st_toolset\stvd\watch\beeper.asm(183)
hours                                 001E  WORD  c:\program files (x86)\stmicroelectronics\st_toolset\stvd\watch\main.asm(43)
hrly                                  0023  WORD  c:\program files (x86)\stmicroelectronics\st_toolset\stvd\watch\main.asm(48)

idx                                   0006  WORD  c:\program files (x86)\stmicroelectronics\st_toolset\stvd\watch\beeper.asm(180)
inc_mm                                9167  WORD  c:\program files (x86)\stmicroelectronics\st_toolset\stvd\watch\procedures.asm(586)
inc_hh                                91D7  WORD  c:\program files (x86)\stmicroelectronics\st_toolset\stvd\watch\procedures.asm(630)
inc_mt                                924A  WORD  c:\program files (x86)\stmicroelectronics\st_toolset\stvd\watch\procedures.asm(675)
inc_dd                                92D3  WORD  c:\program files (x86)\stmicroelectronics\st_toolset\stvd\watch\procedures.asm(731)
inc_wd                                9353  WORD  c:\program files (x86)\stmicroelectronics\st_toolset\stvd\watch\procedures.asm(781)
inc_yyyy                              93D5  WORD  c:\program files (x86)\stmicroelectronics\st_toolset\stvd\watch\procedures.asm(845)
inc_amm                               943B  WORD  c:\program files (x86)\stmicroelectronics\st_toolset\stvd\watch\procedures.asm(889)
inc_ahh                               94B7  WORD  c:\program files (x86)\stmicroelectronics\st_toolset\stvd\watch\procedures.asm(940)
inc_clbr                              9572  WORD  c:\program files (x86)\stmicroelectronics\st_toolset\stvd\watch\procedures.asm(1021)
init                                  8A83  WORD  c:\program files (x86)\stmicroelectronics\st_toolset\stvd\watch\init.asm(80)
inc_melody                            9533  WORD  c:\program files (x86)\stmicroelectronics\st_toolset\stvd\watch\procedures.asm(991)

key1flag                              0024  WORD  c:\program files (x86)\stmicroelectronics\st_toolset\stvd\watch\procedures.asm(59)
key2flag                              0025  WORD  c:\program files (x86)\stmicroelectronics\st_toolset\stvd\watch\procedures.asm(60)
key3flag                              0026  WORD  c:\program files (x86)\stmicroelectronics\st_toolset\stvd\watch\procedures.asm(61)
key4flag                              0027  WORD  c:\program files (x86)\stmicroelectronics\st_toolset\stvd\watch\procedures.asm(62)
key1_handler                      00008531  LONG  c:\program files (x86)\stmicroelectronics\st_toolset\stvd\watch\isr.asm(59)
key2_handler                      0000860D  LONG  c:\program files (x86)\stmicroelectronics\st_toolset\stvd\watch\isr.asm(167)
key3_handler                      000086E9  LONG  c:\program files (x86)\stmicroelectronics\st_toolset\stvd\watch\isr.asm(275)
key4_handler                      000086FD  LONG  c:\program files (x86)\stmicroelectronics\st_toolset\stvd\watch\isr.asm(284)
keyparse                              8DC7  WORD  c:\program files (x86)\stmicroelectronics\st_toolset\stvd\watch\procedures.asm(79)

minutes                               001D  WORD  c:\program files (x86)\stmicroelectronics\st_toolset\stvd\watch\main.asm(42)
mode                                  0022  WORD  c:\program files (x86)\stmicroelectronics\st_toolset\stvd\watch\main.asm(47)
melody                                0005  WORD  c:\program files (x86)\stmicroelectronics\st_toolset\stvd\watch\beeper.asm(179)
melodies                              105A  WORD  c:\program files (x86)\stmicroelectronics\st_toolset\stvd\watch\beeper.asm(173)
monthweekd                            0020  WORD  c:\program files (x86)\stmicroelectronics\st_toolset\stvd\watch\main.asm(45)
main                                  8BE1  WORD  c:\program files (x86)\stmicroelectronics\st_toolset\stvd\watch\main.asm(51)

numofdays                             87AE  WORD  c:\program files (x86)\stmicroelectronics\st_toolset\stvd\watch\functions.asm(70)

pvd_event                             0001  WORD  c:\program files (x86)\stmicroelectronics\st_toolset\stvd\watch\power.asm(11)
prevsec                               0014  WORD  c:\program files (x86)\stmicroelectronics\st_toolset\stvd\watch\display.asm(31)

readtime                              961D  WORD  c:\program files (x86)\stmicroelectronics\st_toolset\stvd\watch\procedures.asm(1118)
restore_periph                        90F1  WORD  c:\program files (x86)\stmicroelectronics\st_toolset\stvd\watch\procedures.asm(535)
reset_ss                              912D  WORD  c:\program files (x86)\stmicroelectronics\st_toolset\stvd\watch\procedures.asm(564)

set_threshold                         80A6  WORD  c:\program files (x86)\stmicroelectronics\st_toolset\stvd\watch\power.asm(42)
stop                                  83F7  WORD  c:\program files (x86)\stmicroelectronics\st_toolset\stvd\watch\beeper.asm(227)
show_first                            89CB  WORD  c:\program files (x86)\stmicroelectronics\st_toolset\stvd\watch\display.asm(278)
show_last                             899F  WORD  c:\program files (x86)\stmicroelectronics\st_toolset\stvd\watch\display.asm(257)
show_wdstring                         89F7  WORD  c:\program files (x86)\stmicroelectronics\st_toolset\stvd\watch\display.asm(299)
show_clbr_val                         88D8  WORD  c:\program files (x86)\stmicroelectronics\st_toolset\stvd\watch\display.asm(166)
seconds                               001C  WORD  c:\program files (x86)\stmicroelectronics\st_toolset\stvd\watch\main.asm(41)
symbol                                0013  WORD  c:\program files (x86)\stmicroelectronics\st_toolset\stvd\watch\display.asm(30)
show_ss                               87EB  WORD  c:\program files (x86)\stmicroelectronics\st_toolset\stvd\watch\display.asm(48)
show_hhmm                             8804  WORD  c:\program files (x86)\stmicroelectronics\st_toolset\stvd\watch\display.asm(59)
show_ddmm                             882F  WORD  c:\program files (x86)\stmicroelectronics\st_toolset\stvd\watch\display.asm(82)
show_wd                               8843  WORD  c:\program files (x86)\stmicroelectronics\st_toolset\stvd\watch\display.asm(91)
show_yyyy                             885C  WORD  c:\program files (x86)\stmicroelectronics\st_toolset\stvd\watch\display.asm(105)
show_batterty_v                       886C  WORD  c:\program files (x86)\stmicroelectronics\st_toolset\stvd\watch\display.asm(112)
show_alrm_hhmm                        888B  WORD  c:\program files (x86)\stmicroelectronics\st_toolset\stvd\watch\display.asm(130)
show_melody                           88A2  WORD  c:\program files (x86)\stmicroelectronics\st_toolset\stvd\watch\display.asm(141)
show_alrm_arm                         88B6  WORD  c:\program files (x86)\stmicroelectronics\st_toolset\stvd\watch\display.asm(151)
show_hrly                             892B  WORD  c:\program files (x86)\stmicroelectronics\st_toolset\stvd\watch\display.asm(206)
show_string                           8A3A  WORD  c:\program files (x86)\stmicroelectronics\st_toolset\stvd\watch\display.asm(333)

tim4_handler                      000083A7  LONG  c:\program files (x86)\stmicroelectronics\st_toolset\stvd\watch\beeper.asm(188)
timerflag                             0028  WORD  c:\program files (x86)\stmicroelectronics\st_toolset\stvd\watch\procedures.asm(63)
tim2_handler                      00008528  LONG  c:\program files (x86)\stmicroelectronics\st_toolset\stvd\watch\isr.asm(53)
timerparse                            9071  WORD  c:\program files (x86)\stmicroelectronics\st_toolset\stvd\watch\procedures.asm(469)
t_mode_halt                           90D6  WORD  c:\program files (x86)\stmicroelectronics\st_toolset\stvd\watch\procedures.asm(526)
toggle_alrm_arm                       9565  WORD  c:\program files (x86)\stmicroelectronics\st_toolset\stvd\watch\procedures.asm(1015)

v_strings                             1000  WORD  c:\program files (x86)\stmicroelectronics\st_toolset\stvd\watch\power.asm(6)
voltage                               0000  WORD  c:\program files (x86)\stmicroelectronics\st_toolset\stvd\watch\power.asm(10)

wdtab                                 106E  WORD  c:\program files (x86)\stmicroelectronics\st_toolset\stvd\watch\functions.asm(5)
wdstr                                 000E  WORD  c:\program files (x86)\stmicroelectronics\st_toolset\stvd\watch\functions.asm(11)
write                                 894C  WORD  c:\program files (x86)\stmicroelectronics\st_toolset\stvd\watch\display.asm(224)
write_RTC_calendar                    963C  WORD  c:\program files (x86)\stmicroelectronics\st_toolset\stvd\watch\procedures.asm(1127)
write_RTC_alarm                       9658  WORD  c:\program files (x86)\stmicroelectronics\st_toolset\stvd\watch\procedures.asm(1139)

year                                  0021  WORD  c:\program files (x86)\stmicroelectronics\st_toolset\stvd\watch\main.asm(46)


380 labels
